../Core/Src/main.c:75:6:Set_Motor_Right	16	static
../Core/Src/main.c:89:6:Set_Motor_Left	16	static
../Core/Src/main.c:109:5:main	8	static
../Core/Src/main.c:189:6:SystemClock_Config	88	static
../Core/Src/main.c:236:13:MX_TIM2_Init	64	static
../Core/Src/main.c:299:13:MX_TIM3_Init	56	static
../Core/Src/main.c:348:13:MX_TIM4_Init	56	static
../Core/Src/main.c:397:13:MX_TIM5_Init	64	static
../Core/Src/main.c:464:13:MX_TIM9_Init	40	static
../Core/Src/main.c:506:13:MX_USART1_UART_Init	8	static
../Core/Src/main.c:539:13:MX_GPIO_Init	48	static
../Core/Src/main.c:578:6:HAL_TIM_PeriodElapsedCallback	16	static
../Core/Src/main.c:603:6:Error_Handler	4	static,ignoring_inline_asm
