../Core/Src/main.c:100:7:Compute_PID	48	static
../Core/Src/main.c:131:6:Set_Motor_Right	16	static
../Core/Src/main.c:145:6:Set_Motor_Left	16	static
../Core/Src/main.c:165:5:main	8	static
../Core/Src/main.c:242:6:SystemClock_Config	88	static
../Core/Src/main.c:289:13:MX_TIM1_Init	32	static
../Core/Src/main.c:335:13:MX_TIM2_Init	64	static
../Core/Src/main.c:398:13:MX_TIM3_Init	56	static
../Core/Src/main.c:447:13:MX_TIM4_Init	56	static
../Core/Src/main.c:496:13:MX_TIM5_Init	64	static
../Core/Src/main.c:572:13:MX_TIM9_Init	40	static
../Core/Src/main.c:614:13:MX_USART1_UART_Init	8	static
../Core/Src/main.c:647:13:MX_GPIO_Init	48	static
../Core/Src/main.c:686:6:HAL_TIM_PeriodElapsedCallback	24	static
../Core/Src/main.c:717:6:Error_Handler	4	static,ignoring_inline_asm
